---
source: tests/fixtures.rs
assertion_line: 27
expression: table
---
## . [cargo] Rust tools=cargo techs=Rust
run                      Development    inferred high   safe        .          cargo run :: Run Rust program
build                    Build          inferred high   safe        .          cargo build :: Build crate
test                     Testing        inferred high   safe        .          cargo test :: Run Rust tests
check                    Quality        inferred high   safe        .          cargo check :: Type-check Rust project
clippy                   Quality        inferred medium safe        .          cargo clippy :: Lint Rust source with Clippy
fmt                      Quality        inferred medium safe        .          cargo fmt :: Format Rust source
bench                    Testing        inferred high   safe        .          cargo bench :: Run Rust benchmarks
doc                      Build          inferred low    safe        .          cargo doc --no-deps :: Build Rust docs
migrate                  Database       inferred medium safe        .          cargo sqlx migrate run :: Apply pending sqlx migrations
