---
source: tests/fixtures.rs
expression: table
---
## . [clojure] Other tools=clojure
test                     Testing        inferred medium safe        .          clojure -M:test :: Run the test deps.edn alias
dev                      Development    inferred medium safe        .          clojure -M:dev :: Run the dev deps.edn alias
build                    Build          inferred medium safe        .          clojure -X:build :: Run the build deps.edn alias
repl                     Development    inferred low    safe        .          clojure -M -r :: Start a Clojure REPL
