---
source: tests/fixtures.rs
assertion_line: 27
expression: table
---
## . [dotnet] DotNet tools=dotnet,cmd,pwsh,sh techs=.NET
build                    Build          inferred high   safe        .          dotnet build :: Build Shop solution
test                     Testing        inferred high   safe        .          dotnet test :: Run all Shop solution tests
restore                  Build          inferred medium safe        .          dotnet restore :: Restore NuGet packages [download]
clean                    Build          inferred low    safe        .          dotnet clean :: Delete .NET build outputs
pack                     Release        inferred medium safe        .          dotnet pack :: Create NuGet packages
format                   Quality        inferred low    safe        .          dotnet format :: Format .NET source code
cmd:build                Build          inferred low    safe        .          .\build.cmd :: Build wrapper for Windows
pwsh:build               Build          inferred medium safe        .          pwsh ./build.ps1 :: Build and package solution
publish-image            Release        inferred medium external    .          pwsh ./scripts/publish-image.ps1 :: Run scripts/publish-image.ps1
seed-db                  Database       inferred medium safe        .          ./scripts/seed-db.sh :: Seed development database
## src/Api [Api] DotNet tools=dotnet techs=.NET,EF Core
api                      Development    inferred high   safe        src/Api    dotnet run :: Start .NET Api web app
api:watch                Development    inferred low    safe        src/Api    dotnet watch run :: Start Api with hot reload [long-running]
api:publish              Release        inferred medium safe        src/Api    dotnet publish -c Release :: Publish Api for deployment
api:migrate              Database       inferred medium safe        src/Api    dotnet ef database update :: Apply EF Core migrations to database
api:db:drop              Database       inferred low    destructive src/Api    dotnet ef database drop :: Drop database with EF Core
## src/Core [Core] DotNet tools=dotnet techs=.NET
## src/Worker [Worker] DotNet tools=dotnet techs=.NET
worker                   Development    inferred high   safe        src/Worker dotnet run :: Run .NET Worker worker
worker:publish           Release        inferred medium safe        src/Worker dotnet publish -c Release :: Publish Worker for deployment
## tests/Api.Tests [Api.Tests] DotNet tools=dotnet techs=.NET
