---
source: tests/fixtures.rs
assertion_line: 27
expression: table
---
## . [elixir] Other tools=mix techs=Elixir
dev                      Development    inferred high   safe        .          mix phx.server :: Start the Phoenix server [long-running]
test                     Testing        inferred high   safe        .          mix test :: Run Elixir tests
format                   Quality        inferred high   safe        .          mix format :: Format Elixir source
compile                  Build          inferred medium safe        .          mix compile :: Compile the Elixir project
lint                     Quality        inferred high   safe        .          mix credo --strict :: Check Elixir source with Credo
migrate                  Database       inferred high   safe        .          mix ecto.migrate :: Apply Ecto migrations
db:setup                 Database       inferred medium safe        .          mix ecto.setup :: Create, migrate and seed the database
db:reset                 Database       inferred low    destructive .          mix ecto.reset :: Drop and recreate the database
deps                     Other          inferred low    safe        .          mix deps.get :: Fetch Elixir dependencies [download]
shell                    Development    inferred medium safe        .          iex -S mix :: Open an IEx shell with the app loaded [long-running]
