---
source: tests/fixtures.rs
assertion_line: 27
expression: table
---
## . [go-nested] Go tools=go techs=Go
build                    Build          inferred high   safe        .          go build ./... :: Build Go packages
test                     Testing        inferred high   safe        .          go test ./... :: Run Go tests
vet                      Quality        inferred high   safe        .          go vet ./... :: Check Go source with go vet
fmt                      Quality        inferred high   safe        .          go fmt ./... :: Format Go source
tidy                     Other          inferred low    safe        .          go mod tidy :: Tidy Go module dependencies [download]
run                      Development    inferred high   safe        .          go run . :: Run Go svc program
## tools/codegen [codegen] Go tools=go techs=Go
codegen                  Development    inferred high   safe        tools/codegen go run . :: Run Go codegen program
codegen:generate         Build          inferred high   safe        tools/codegen go generate ./... :: Run go:generate directives
