---
source: tests/fixtures.rs
assertion_line: 27
expression: table
---
## . [gradle] Jvm tools=gradle techs=JVM,Gradle
generateDocs             Other          declared exact  safe        .          ./gradlew generateDocs :: Generate API docs
dev                      Development    inferred high   safe        .          ./gradlew bootRun :: Start Spring Boot app
build                    Build          inferred high   safe        .          ./gradlew build :: Build with Gradle
test                     Testing        inferred high   safe        .          ./gradlew test :: Run Gradle tests
check                    Quality        inferred medium safe        .          ./gradlew check :: Run Gradle checks (tests and linters)
clean                    Build          inferred low    safe        .          ./gradlew clean :: Delete Gradle build outputs
tasks                    Other          inferred low    safe        .          ./gradlew tasks :: List all Gradle tasks
## app [app] Jvm tools=gradle techs=JVM,Gradle
app                      Development    inferred high   safe        .          ./gradlew :app:installDebug :: Build and install debug app on device [device]
app:build:debug          Build          inferred high   safe        .          ./gradlew :app:assembleDebug :: Build debug APK
app:build:release        Build          inferred medium safe        .          ./gradlew :app:assembleRelease :: Build release APK
app:bundle               Release        inferred medium safe        .          ./gradlew :app:bundleRelease :: Build release App Bundle
app:test:android         Testing        inferred medium safe        .          ./gradlew :app:connectedAndroidTest :: Run instrumented tests on device [device]
app:lint                 Quality        inferred medium safe        .          ./gradlew :app:lint :: Run Android Lint
## lib [lib] Jvm tools=gradle techs=JVM,Gradle
lib:integrationTest      Other          declared exact  safe        .          ./gradlew :lib:integrationTest :: Run integrationTest Gradle task
lib                      Development    inferred high   safe        .          ./gradlew :lib:bootRun :: Start Spring Boot app
