---
source: tests/fixtures.rs
assertion_line: 27
expression: table
---
## . [many] JavaScript tools= techs=Node.js
## app01 [app01] Mobile tools=flutter techs=Flutter
app01                    Development    inferred high   safe        app01      flutter run :: Run Flutter app [long-running,device]
## app02 [app02] Mobile tools=flutter techs=Flutter
app02                    Development    inferred high   safe        app02      flutter run :: Run Flutter app [long-running,device]
## app03 [app03] Mobile tools=flutter techs=Flutter
app03                    Development    inferred high   safe        app03      flutter run :: Run Flutter app [long-running,device]
## app04 [app04] Mobile tools=flutter techs=Flutter
app04                    Development    inferred high   safe        app04      flutter run :: Run Flutter app [long-running,device]
## app05 [app05] Mobile tools=flutter techs=Flutter
app05                    Development    inferred high   safe        app05      flutter run :: Run Flutter app [long-running,device]
## app06 [app06] Mobile tools=flutter techs=Flutter
app06                    Development    inferred high   safe        app06      flutter run :: Run Flutter app [long-running,device]
## app07 [app07] Mobile tools=flutter techs=Flutter
app07                    Development    inferred high   safe        app07      flutter run :: Run Flutter app [long-running,device]
## app08 [app08] Mobile tools=flutter techs=Flutter
app08                    Development    inferred high   safe        app08      flutter run :: Run Flutter app [long-running,device]
## app09 [app09] Mobile tools=flutter techs=Flutter
app09                    Development    inferred high   safe        app09      flutter run :: Run Flutter app [long-running,device]
## app10 [app10] Mobile tools=flutter techs=Flutter
app10                    Development    inferred high   safe        app10      flutter run :: Run Flutter app [long-running,device]
## app11 [app11] Mobile tools=flutter techs=Flutter
app11                    Development    inferred high   safe        app11      flutter run :: Run Flutter app [long-running,device]
## app12 [app12] Mobile tools=flutter techs=Flutter
app12                    Development    inferred high   safe        app12      flutter run :: Run Flutter app [long-running,device]
## app13 [app13] Mobile tools=flutter techs=Flutter
app13                    Development    inferred high   safe        app13      flutter run :: Run Flutter app [long-running,device]
