---
source: tests/fixtures.rs
assertion_line: 27
expression: table
---
## . [maven] Jvm tools=maven techs=JVM,Maven
build                    Build          inferred high   safe        .          ./mvnw package :: Package all Maven modules
test                     Testing        inferred high   safe        .          ./mvnw test :: Run Maven tests
verify                   Testing        inferred medium safe        .          ./mvnw verify :: Run Maven verification (integration tests)
install                  Build          inferred low    safe        .          ./mvnw install :: Install artifacts to local Maven repo
clean                    Build          inferred low    safe        .          ./mvnw clean :: Delete Maven build outputs
## api [api] Jvm tools=maven techs=JVM,Maven
api                      Development    inferred high   safe        .          ./mvnw -pl api -am spring-boot:run :: Start Spring Boot app
