---
source: tests/fixtures.rs
assertion_line: 27
expression: table
---
## . [noise] JavaScript tools=npm,cargo,rake,composer,make,kubernetes techs=Node.js,Rust,Kubernetes,PHP,Laravel
lint                     Quality        declared exact  safe        .          npm run lint :: Check source code with ESLint
deploy                   Release        declared exact  safe        .          npm run deploy :: Run tools/deploy.ts
build                    Build          inferred high   safe        .          cargo build --workspace :: Build workspace
test                     Testing        inferred high   safe        .          cargo test --workspace :: Run Rust tests for whole workspace
check                    Quality        inferred high   safe        .          cargo check --workspace :: Type-check Rust project for whole workspace
clippy                   Quality        inferred medium safe        .          cargo clippy --workspace :: Lint Rust source with Clippy for whole workspace
fmt                      Quality        inferred medium safe        .          cargo fmt --workspace :: Format Rust source
bench                    Testing        inferred low    safe        .          cargo bench --workspace :: Run Rust benchmarks
doc                      Build          inferred low    safe        .          cargo doc --no-deps --workspace :: Build Rust docs
rake:test                Testing        declared exact  safe        .          rake test :: Run all tests
dev                      Development    declared exact  safe        .          composer dev :: Start Laravel development server [long-running]
composer:test            Testing        declared exact  safe        .          composer test :: Run Laravel tests
docs                     Build          declared exact  safe        .          make docs :: Build HTML documentation
clean                    Build          declared exact  safe        .          make clean :: Delete _build/*
install                  Other          declared exact  safe        .          make install :: Run install make target
help                     Other          declared exact  safe        .          make help :: Print message
k8s:validate             Quality        inferred high   safe        .          kubectl apply --dry-run=client -f k8s/ :: Validate Kubernetes manifests
k8s:apply                Release        inferred medium external    .          kubectl apply -f k8s/ :: Apply resources to cluster
k8s:delete               Infrastructure inferred low    destructive .          kubectl delete -f k8s/ :: Delete resources from cluster
compile                  Build          inferred medium safe        .          npm run compile --workspaces --if-present :: Compile TypeScript sources in every workspace package
## crates/util [util] Rust tools=cargo techs=Rust
## examples/demo [demo] JavaScript tools=npm techs=Node.js,Vite
demo                     Development    declared low    safe        examples/demo npm run dev :: Start Vite development server [long-running]
## mobile [mobile] Mobile tools=flutter techs=Flutter
mobile                   Development    inferred high   safe        mobile     flutter run :: Run Flutter app [long-running,device]
mobile:test              Testing        inferred high   safe        mobile     flutter test :: Run Flutter tests
mobile:analyze           Quality        inferred high   safe        mobile     flutter analyze :: Analyze Dart source
mobile:format            Quality        inferred medium safe        mobile     dart format . :: Run dart format
mobile:build:apk         Build          inferred medium safe        mobile     flutter build apk :: Build Android APK
mobile:build:appbundle   Build          inferred low    safe        mobile     flutter build appbundle :: Build Android App Bundle
mobile:build:ios         Build          inferred low    safe        mobile     flutter build ios :: Build iOS app
mobile:pub:get           Other          inferred low    safe        mobile     flutter pub get :: Install Dart dependencies [download]
## packages/lib [lib] JavaScript tools=npm techs=Node.js
lib:build                Build          declared exact  safe        packages/lib npm run build :: Build package with tsup
## packages/lib/test/apps/demo [demo] JavaScript tools=npm techs=Node.js,Vite
packages/lib/test/apps/demo Development    declared low    safe        packages/lib/test/apps/demo npm run dev :: Start Vite development server [long-running]
packages/lib/test/apps/demo:build Build          declared low    safe        packages/lib/test/apps/demo npm run build :: Build app with Vite
