---
source: tests/fixtures.rs
expression: table
---
## . [npm-workspaces] JavaScript tools=npm
dev                      Development    declared exact  safe        .          npm run dev :: Run dev in all workspace packages
build                    Build          declared exact  safe        .          npm run build :: Run build in all workspace packages
test                     Testing        declared exact  safe        .          npm run test :: Run test in all workspace packages
lint                     Quality        declared exact  safe        .          npm run lint :: Check source code with ESLint
## apps/api [@acme/api] JavaScript tools=npm
api                      Development    declared exact  safe        .          npm run dev --workspace=@acme/api :: Run src/index.ts with auto-restart
api:build                Build          declared exact  safe        .          npm run build --workspace=@acme/api :: Build the package with tsup
api:test                 Testing        declared exact  safe        .          npm run test --workspace=@acme/api :: Run Vitest tests
api:db:migrate           Database       declared exact  safe        .          npm run db:migrate --workspace=@acme/api :: Apply Drizzle migrations
## apps/web [@acme/web] JavaScript tools=npm
web                      Development    declared exact  safe        .          npm run dev --workspace=@acme/web :: Start the Next.js development server
web:build                Build          declared exact  safe        .          npm run build --workspace=@acme/web :: Build the Next.js app
web:start                Development    declared exact  safe        .          npm run start --workspace=@acme/web :: Start the Next.js production server
web:test                 Testing        declared exact  safe        .          npm run test --workspace=@acme/web :: Run Jest tests
## packages/ui [@acme/ui] JavaScript tools=npm
ui:build                 Build          declared exact  safe        .          npm run build --workspace=@acme/ui :: Build the package with tsup
ui:storybook             Development    declared exact  safe        .          npm run storybook --workspace=@acme/ui :: Start Storybook
ui:test                  Testing        declared exact  safe        .          npm run test --workspace=@acme/ui :: Run Vitest tests
