---
source: tests/fixtures.rs
assertion_line: 27
expression: table
---
## . [ruby-rails] Ruby tools=rake,rails,ruby techs=Ruby,Rails
import                   Other          declared exact  safe        .          bundle exec rake import :: Import the product catalogue from CSV
reports:weekly           Other          declared exact  safe        .          bundle exec rake reports:weekly :: Send the weekly sales report
db:seed:demo             Database       declared exact  safe        .          bundle exec rake db:seed:demo :: Seed demo accounts
db:reindex               Database       declared exact  safe        .          bundle exec rake db:reindex :: Rebuild the search index
data:anonymise           Other          declared exact  safe        .          bundle exec rake data:anonymise :: Anonymise customer records for staging
dev                      Development    inferred high   safe        .          bin/dev :: Start the Rails app and its dev processes [long-running]
server                   Development    inferred medium safe        .          bin/rails server :: Start the Rails server [long-running]
console                  Development    inferred high   safe        .          bin/rails console :: Open the Rails console [long-running]
db:migrate               Database       inferred high   safe        .          bin/rails db:migrate :: Apply Rails migrations
db:seed                  Database       inferred high   safe        .          bin/rails db:seed :: Seed the database
db:prepare               Database       inferred medium safe        .          bin/rails db:prepare :: Create the database and apply migrations
db:reset                 Database       inferred low    destructive .          bin/rails db:reset :: Drop and recreate the database
routes                   Other          inferred low    safe        .          bin/rails routes :: List Rails routes
setup                    Other          inferred medium safe        .          bin/setup :: Set up the app (bin/setup)
test                     Testing        inferred high   safe        .          bundle exec rspec :: Run RSpec tests
lint                     Quality        inferred high   safe        .          bundle exec rubocop :: Check Ruby source with RuboCop
security                 Quality        inferred medium safe        .          bundle exec brakeman -q :: Scan the Rails app with Brakeman
