---
source: tests/fixtures.rs
assertion_line: 27
expression: table
---
## . [taskfile] Taskfile tools=task techs=Go,Fly.io,Docker
default                  Other          declared exact  safe        .          task default :: Run default task
build                    Build          declared exact  safe        .          task build :: Build Go binary
test                     Testing        declared exact  safe        .          task test :: Run unit tests
lint                     Quality        declared exact  safe        .          task lint :: Lint Go source with golangci-lint
deploy                   Release        declared exact  external    .          task deploy :: Deploy to production
migrate                  Database       declared exact  safe        .          task migrate :: Run goose migrations
_hidden                  Other          declared exact  safe        .          task _hidden :: Print message
services                 Infrastructure declared exact  safe        .          task services :: Bring up local infrastructure
docs:serve               Development    declared exact  safe        .          task docs:serve :: Serve docs site [long-running]
docs:build               Build          declared exact  safe        .          task docs:build :: Build MkDocs site
fmt                      Quality        declared exact  safe        .          task fmt :: Format Go source
## docs [docs] Taskfile tools=task techs=
docs                     Development    declared exact  safe        docs       task serve :: Serve docs site [long-running]
docs:task:build          Build          declared exact  safe        docs       task build :: Build MkDocs site
## tools [tools] Taskfile tools=task techs=
tools:fmt                Quality        declared exact  safe        tools      task fmt :: Format Go source
tools:test               Testing        declared exact  safe        tools      task test :: Would shadow root test task
