---
source: tests/fixtures.rs
assertion_line: 27
expression: table
---
## . [taskfile] Taskfile tools=task
default                  Other          declared exact  safe        .          task default :: Run the default task
build                    Build          declared exact  safe        .          task build :: Build the Go binary
test                     Testing        declared exact  safe        .          task test :: Run unit tests
lint                     Quality        declared exact  safe        .          task lint :: Lint Go source with golangci-lint
deploy                   Release        declared exact  external    .          task deploy :: Deploy to production
migrate                  Database       declared exact  safe        .          task migrate :: Run goose migrations
_hidden                  Other          declared exact  safe        hidden .          task _hidden :: Print a message
internal-task            Other          declared exact  safe        hidden .          task internal-task :: Print a message
services                 Infrastructure declared exact  safe        .          task services :: Bring up local infrastructure
docs:serve               Development    declared exact  safe        .          task docs:serve :: Serve the docs site [long-running]
docs:build               Build          declared exact  safe        .          task docs:build :: Build the MkDocs site
fmt                      Quality        declared exact  safe        .          task fmt :: Format Go source
## docs [docs] Taskfile tools=task
docs                     Development    declared exact  safe        docs       task serve :: Serve the docs site [long-running]
docs:task:build          Build          declared exact  safe        docs       task build :: Build the MkDocs site
## tools [tools] Taskfile tools=task
tools:fmt                Quality        declared exact  safe        tools      task fmt :: Format Go source
tools:test               Testing        declared exact  safe        tools      task test :: Would shadow the root test task
